// Vitest Snapshot v1, https://vitest.dev/guide/snapshot.html

exports[`works 1`] = `
"t	x	v	a	remark
0	0	0	0	idle
1	2	2	2	push
2	4	2	0	
3	6	2	0	
4	8	2	0	
5	10	2	0	
6	12	2	0	
7	14	2	0	
8	16	2	0	
9	18	2	0	
10	20	2	0	keep
11	21	1	-1	break1
12	21	0	-1	break2
13	21	0	0	
14	21	0	0	
"
`;
