// Bun Snapshot v1, https://goo.gl/fbAQLP

exports[`works 1`] = `
[
  0,
  1,
  2,
  3,
  4,
]
`;
